javac : AccountFactory.java:5: 
error: unmappable character (0x90) 
for encoding windows-1252
At line:1 char:1
+ javac *.java > compile.log 2>&1
+ ~~~~~~~~~~~~~~~~~~~~~~~~~~~~~~~
    + CategoryInfo          : NotSpe 
   cified: (AccountFactory....ng wi  
  ndows-1252:String) [], RemoteExc   
 eption
    + FullyQualifiedErrorId : Native 
   CommandError
 
// ΓòöΓò?Γò?Γò?Γò?Γò?Γò?Γò?Γò?Γò?Γò?Γ
ò?Γò?Γò?Γò?Γò?Γò?Γò?Γò?Γò?Γò?Γò?Γò?Γò
?Γò?Γò?Γò?Γò?Γò?Γò?Γò?Γò?Γò?Γò?Γò?Γòù
        ^
AccountFactory.java:5: error: 
unmappable character (0x90) for 
encoding windows-1252
// ΓòöΓò?Γò?Γò?Γò?Γò?Γò?Γò?Γò?Γò?Γò?Γ
ò?Γò?Γò?Γò?Γò?Γò?Γò?Γò?Γò?Γò?Γò?Γò?Γò
?Γò?Γò?Γò?Γò?Γò?Γò?Γò?Γò?Γò?Γò?Γò?Γòù
           ^
AccountFactory.java:5: error: 
unmappable character (0x90) for 
encoding windows-1252
// ΓòöΓò?Γò?Γò?Γò?Γò?Γò?Γò?Γò?Γò?Γò?Γ
ò?Γò?Γò?Γò?Γò?Γò?Γò?Γò?Γò?Γò?Γò?Γò?Γò
?Γò?Γò?Γò?Γò?Γò?Γò?Γò?Γò?Γò?Γò?Γò?Γòù
              ^
AccountFactory.java:5: error: 
unmappable character (0x90) for 
encoding windows-1252
// ΓòöΓò?Γò?Γò?Γò?Γò?Γò?Γò?Γò?Γò?Γò?Γ
ò?Γò?Γò?Γò?Γò?Γò?Γò?Γò?Γò?Γò?Γò?Γò?Γò
?Γò?Γò?Γò?Γò?Γò?Γò?Γò?Γò?Γò?Γò?Γò?Γòù
                 ^
AccountFactory.java:5: error: 
unmappable character (0x90) for 
encoding windows-1252
// ΓòöΓò?Γò?Γò?Γò?Γò?Γò?Γò?Γò?Γò?Γò?Γ
ò?Γò?Γò?Γò?Γò?Γò?Γò?Γò?Γò?Γò?Γò?Γò?Γò
?Γò?Γò?Γò?Γò?Γò?Γò?Γò?Γò?Γò?Γò?Γò?Γòù
                    ^
AccountFactory.java:5: error: 
unmappable character (0x90) for 
encoding windows-1252
// ΓòöΓò?Γò?Γò?Γò?Γò?Γò?Γò?Γò?Γò?Γò?Γ
ò?Γò?Γò?Γò?Γò?Γò?Γò?Γò?Γò?Γò?Γò?Γò?Γò
?Γò?Γò?Γò?Γò?Γò?Γò?Γò?Γò?Γò?Γò?Γò?Γòù
                       ^
AccountFactory.java:5: error: 
unmappable character (0x90) for 
encoding windows-1252
// ΓòöΓò?Γò?Γò?Γò?Γò?Γò?Γò?Γò?Γò?Γò?Γ
ò?Γò?Γò?Γò?Γò?Γò?Γò?Γò?Γò?Γò?Γò?Γò?Γò
?Γò?Γò?Γò?Γò?Γò?Γò?Γò?Γò?Γò?Γò?Γò?Γòù
                          ^
AccountFactory.java:5: error: 
unmappable character (0x90) for 
encoding windows-1252
// ΓòöΓò?Γò?Γò?Γò?Γò?Γò?Γò?Γò?Γò?Γò?Γ
ò?Γò?Γò?Γò?Γò?Γò?Γò?Γò?Γò?Γò?Γò?Γò?Γò
?Γò?Γò?Γò?Γò?Γò?Γò?Γò?Γò?Γò?Γò?Γò?Γòù
                             ^
AccountFactory.java:5: error: 
unmappable character (0x90) for 
encoding windows-1252
// ΓòöΓò?Γò?Γò?Γò?Γò?Γò?Γò?Γò?Γò?Γò?Γ
ò?Γò?Γò?Γò?Γò?Γò?Γò?Γò?Γò?Γò?Γò?Γò?Γò
?Γò?Γò?Γò?Γò?Γò?Γò?Γò?Γò?Γò?Γò?Γò?Γòù
                                ^
AccountFactory.java:5: error: 
unmappable character (0x90) for 
encoding windows-1252
// ΓòöΓò?Γò?Γò?Γò?Γò?Γò?Γò?Γò?Γò?Γò?Γ
ò?Γò?Γò?Γò?Γò?Γò?Γò?Γò?Γò?Γò?Γò?Γò?Γò
?Γò?Γò?Γò?Γò?Γò?Γò?Γò?Γò?Γò?Γò?Γò?Γòù
                                   ^
AccountFactory.java:5: error: 
unmappable character (0x90) for 
encoding windows-1252
// ΓòöΓò?Γò?Γò?Γò?Γò?Γò?Γò?Γò?Γò?Γò?Γ
ò?Γò?Γò?Γò?Γò?Γò?Γò?Γò?Γò?Γò?Γò?Γò?Γò
?Γò?Γò?Γò?Γò?Γò?Γò?Γò?Γò?Γò?Γò?Γò?Γòù
                                     
 ^
AccountFactory.java:5: error: 
unmappable character (0x90) for 
encoding windows-1252
// ΓòöΓò?Γò?Γò?Γò?Γò?Γò?Γò?Γò?Γò?Γò?Γ
ò?Γò?Γò?Γò?Γò?Γò?Γò?Γò?Γò?Γò?Γò?Γò?Γò
?Γò?Γò?Γò?Γò?Γò?Γò?Γò?Γò?Γò?Γò?Γò?Γòù
                                     
    ^
AccountFactory.java:5: error: 
unmappable character (0x90) for 
encoding windows-1252
// ΓòöΓò?Γò?Γò?Γò?Γò?Γò?Γò?Γò?Γò?Γò?Γ
ò?Γò?Γò?Γò?Γò?Γò?Γò?Γò?Γò?Γò?Γò?Γò?Γò
?Γò?Γò?Γò?Γò?Γò?Γò?Γò?Γò?Γò?Γò?Γò?Γòù
                                     
       ^
AccountFactory.java:5: error: 
unmappable character (0x90) for 
encoding windows-1252
// ΓòöΓò?Γò?Γò?Γò?Γò?Γò?Γò?Γò?Γò?Γò?Γ
ò?Γò?Γò?Γò?Γò?Γò?Γò?Γò?Γò?Γò?Γò?Γò?Γò
?Γò?Γò?Γò?Γò?Γò?Γò?Γò?Γò?Γò?Γò?Γò?Γòù
                                     
          ^
AccountFactory.java:5: error: 
unmappable character (0x90) for 
encoding windows-1252
// ΓòöΓò?Γò?Γò?Γò?Γò?Γò?Γò?Γò?Γò?Γò?Γ
ò?Γò?Γò?Γò?Γò?Γò?Γò?Γò?Γò?Γò?Γò?Γò?Γò
?Γò?Γò?Γò?Γò?Γò?Γò?Γò?Γò?Γò?Γò?Γò?Γòù
                                     
             ^
AccountFactory.java:5: error: 
unmappable character (0x90) for 
encoding windows-1252
// ΓòöΓò?Γò?Γò?Γò?Γò?Γò?Γò?Γò?Γò?Γò?Γ
ò?Γò?Γò?Γò?Γò?Γò?Γò?Γò?Γò?Γò?Γò?Γò?Γò
?Γò?Γò?Γò?Γò?Γò?Γò?Γò?Γò?Γò?Γò?Γò?Γòù
                                     
                ^
AccountFactory.java:5: error: 
unmappable character (0x90) for 
encoding windows-1252
// ΓòöΓò?Γò?Γò?Γò?Γò?Γò?Γò?Γò?Γò?Γò?Γ
ò?Γò?Γò?Γò?Γò?Γò?Γò?Γò?Γò?Γò?Γò?Γò?Γò
?Γò?Γò?Γò?Γò?Γò?Γò?Γò?Γò?Γò?Γò?Γò?Γòù
                                     
                   ^
AccountFactory.java:5: error: 
unmappable character (0x90) for 
encoding windows-1252
// ΓòöΓò?Γò?Γò?Γò?Γò?Γò?Γò?Γò?Γò?Γò?Γ
ò?Γò?Γò?Γò?Γò?Γò?Γò?Γò?Γò?Γò?Γò?Γò?Γò
?Γò?Γò?Γò?Γò?Γò?Γò?Γò?Γò?Γò?Γò?Γò?Γòù
                                     
                      ^
AccountFactory.java:5: error: 
unmappable character (0x90) for 
encoding windows-1252
// ΓòöΓò?Γò?Γò?Γò?Γò?Γò?Γò?Γò?Γò?Γò?Γ
ò?Γò?Γò?Γò?Γò?Γò?Γò?Γò?Γò?Γò?Γò?Γò?Γò
?Γò?Γò?Γò?Γò?Γò?Γò?Γò?Γò?Γò?Γò?Γò?Γòù
                                     
                         ^
AccountFactory.java:5: error: 
unmappable character (0x90) for 
encoding windows-1252
// ΓòöΓò?Γò?Γò?Γò?Γò?Γò?Γò?Γò?Γò?Γò?Γ
ò?Γò?Γò?Γò?Γò?Γò?Γò?Γò?Γò?Γò?Γò?Γò?Γò
?Γò?Γò?Γò?Γò?Γò?Γò?Γò?Γò?Γò?Γò?Γò?Γòù
                                     
                            ^
AccountFactory.java:5: error: 
unmappable character (0x90) for 
encoding windows-1252
// ΓòöΓò?Γò?Γò?Γò?Γò?Γò?Γò?Γò?Γò?Γò?Γ
ò?Γò?Γò?Γò?Γò?Γò?Γò?Γò?Γò?Γò?Γò?Γò?Γò
?Γò?Γò?Γò?Γò?Γò?Γò?Γò?Γò?Γò?Γò?Γò?Γòù
                                     
                               ^
AccountFactory.java:5: error: 
unmappable character (0x90) for 
encoding windows-1252
// ΓòöΓò?Γò?Γò?Γò?Γò?Γò?Γò?Γò?Γò?Γò?Γ
ò?Γò?Γò?Γò?Γò?Γò?Γò?Γò?Γò?Γò?Γò?Γò?Γò
?Γò?Γò?Γò?Γò?Γò?Γò?Γò?Γò?Γò?Γò?Γò?Γòù
                                     
                                  ^
AccountFactory.java:5: error: 
unmappable character (0x90) for 
encoding windows-1252
// ΓòöΓò?Γò?Γò?Γò?Γò?Γò?Γò?Γò?Γò?Γò?Γ
ò?Γò?Γò?Γò?Γò?Γò?Γò?Γò?Γò?Γò?Γò?Γò?Γò
?Γò?Γò?Γò?Γò?Γò?Γò?Γò?Γò?Γò?Γò?Γò?Γòù
                                     
                                     
^
AccountFactory.java:5: error: 
unmappable character (0x90) for 
encoding windows-1252
// ΓòöΓò?Γò?Γò?Γò?Γò?Γò?Γò?Γò?Γò?Γò?Γ
ò?Γò?Γò?Γò?Γò?Γò?Γò?Γò?Γò?Γò?Γò?Γò?Γò
?Γò?Γò?Γò?Γò?Γò?Γò?Γò?Γò?Γò?Γò?Γò?Γòù
                                     
                                     
   ^
AccountFactory.java:5: error: 
unmappable character (0x90) for 
encoding windows-1252
// ΓòöΓò?Γò?Γò?Γò?Γò?Γò?Γò?Γò?Γò?Γò?Γ
ò?Γò?Γò?Γò?Γò?Γò?Γò?Γò?Γò?Γò?Γò?Γò?Γò
?Γò?Γò?Γò?Γò?Γò?Γò?Γò?Γò?Γò?Γò?Γò?Γòù
                                     
                                     
      ^
AccountFactory.java:5: error: 
unmappable character (0x90) for 
encoding windows-1252
// ΓòöΓò?Γò?Γò?Γò?Γò?Γò?Γò?Γò?Γò?Γò?Γ
ò?Γò?Γò?Γò?Γò?Γò?Γò?Γò?Γò?Γò?Γò?Γò?Γò
?Γò?Γò?Γò?Γò?Γò?Γò?Γò?Γò?Γò?Γò?Γò?Γòù
                                     
                                     
         ^
AccountFactory.java:5: error: 
unmappable character (0x90) for 
encoding windows-1252
// ΓòöΓò?Γò?Γò?Γò?Γò?Γò?Γò?Γò?Γò?Γò?Γ
ò?Γò?Γò?Γò?Γò?Γò?Γò?Γò?Γò?Γò?Γò?Γò?Γò
?Γò?Γò?Γò?Γò?Γò?Γò?Γò?Γò?Γò?Γò?Γò?Γòù
                                     
                                     
            ^
AccountFactory.java:5: error: 
unmappable character (0x90) for 
encoding windows-1252
// ΓòöΓò?Γò?Γò?Γò?Γò?Γò?Γò?Γò?Γò?Γò?Γ
ò?Γò?Γò?Γò?Γò?Γò?Γò?Γò?Γò?Γò?Γò?Γò?Γò
?Γò?Γò?Γò?Γò?Γò?Γò?Γò?Γò?Γò?Γò?Γò?Γòù
                                     
                                     
               ^
AccountFactory.java:5: error: 
unmappable character (0x90) for 
encoding windows-1252
// ΓòöΓò?Γò?Γò?Γò?Γò?Γò?Γò?Γò?Γò?Γò?Γ
ò?Γò?Γò?Γò?Γò?Γò?Γò?Γò?Γò?Γò?Γò?Γò?Γò
?Γò?Γò?Γò?Γò?Γò?Γò?Γò?Γò?Γò?Γò?Γò?Γòù
                                     
                                     
                  ^
AccountFactory.java:5: error: 
unmappable character (0x90) for 
encoding windows-1252
// ΓòöΓò?Γò?Γò?Γò?Γò?Γò?Γò?Γò?Γò?Γò?Γ
ò?Γò?Γò?Γò?Γò?Γò?Γò?Γò?Γò?Γò?Γò?Γò?Γò
?Γò?Γò?Γò?Γò?Γò?Γò?Γò?Γò?Γò?Γò?Γò?Γòù
                                     
                                     
                     ^
AccountFactory.java:5: error: 
unmappable character (0x90) for 
encoding windows-1252
// ΓòöΓò?Γò?Γò?Γò?Γò?Γò?Γò?Γò?Γò?Γò?Γ
ò?Γò?Γò?Γò?Γò?Γò?Γò?Γò?Γò?Γò?Γò?Γò?Γò
?Γò?Γò?Γò?Γò?Γò?Γò?Γò?Γò?Γò?Γò?Γò?Γòù
                                     
                                     
                        ^
AccountFactory.java:5: error: 
unmappable character (0x90) for 
encoding windows-1252
// ΓòöΓò?Γò?Γò?Γò?Γò?Γò?Γò?Γò?Γò?Γò?Γ
ò?Γò?Γò?Γò?Γò?Γò?Γò?Γò?Γò?Γò?Γò?Γò?Γò
?Γò?Γò?Γò?Γò?Γò?Γò?Γò?Γò?Γò?Γò?Γò?Γòù
                                     
                                     
                           ^
AccountFactory.java:5: error: 
unmappable character (0x90) for 
encoding windows-1252
// ΓòöΓò?Γò?Γò?Γò?Γò?Γò?Γò?Γò?Γò?Γò?Γ
ò?Γò?Γò?Γò?Γò?Γò?Γò?Γò?Γò?Γò?Γò?Γò?Γò
?Γò?Γò?Γò?Γò?Γò?Γò?Γò?Γò?Γò?Γò?Γò?Γòù
                                     
                                     
                              ^
AccountFactory.java:5: error: 
unmappable character (0x90) for 
encoding windows-1252
// ΓòöΓò?Γò?Γò?Γò?Γò?Γò?Γò?Γò?Γò?Γò?Γ
ò?Γò?Γò?Γò?Γò?Γò?Γò?Γò?Γò?Γò?Γò?Γò?Γò
?Γò?Γò?Γò?Γò?Γò?Γò?Γò?Γò?Γò?Γò?Γò?Γòù
                                     
                                     
                                 ^
AccountFactory.java:7: error: 
unmappable character (0x90) for 
encoding windows-1252
// ΓòÜΓò?Γò?Γò?Γò?Γò?Γò?Γò?Γò?Γò?Γò?Γ
ò?Γò?Γò?Γò?Γò?Γò?Γò?Γò?Γò?Γò?Γò?Γò?Γò
?Γò?Γò?Γò?Γò?Γò?Γò?Γò?Γò?Γò?Γò?Γò?Γò?
        ^
AccountFactory.java:7: error: 
unmappable character (0x90) for 
encoding windows-1252
// ΓòÜΓò?Γò?Γò?Γò?Γò?Γò?Γò?Γò?Γò?Γò?Γ
ò?Γò?Γò?Γò?Γò?Γò?Γò?Γò?Γò?Γò?Γò?Γò?Γò
?Γò?Γò?Γò?Γò?Γò?Γò?Γò?Γò?Γò?Γò?Γò?Γò?
           ^
AccountFactory.java:7: error: 
unmappable character (0x90) for 
encoding windows-1252
// ΓòÜΓò?Γò?Γò?Γò?Γò?Γò?Γò?Γò?Γò?Γò?Γ
ò?Γò?Γò?Γò?Γò?Γò?Γò?Γò?Γò?Γò?Γò?Γò?Γò
?Γò?Γò?Γò?Γò?Γò?Γò?Γò?Γò?Γò?Γò?Γò?Γò?
              ^
AccountFactory.java:7: error: 
unmappable character (0x90) for 
encoding windows-1252
// ΓòÜΓò?Γò?Γò?Γò?Γò?Γò?Γò?Γò?Γò?Γò?Γ
ò?Γò?Γò?Γò?Γò?Γò?Γò?Γò?Γò?Γò?Γò?Γò?Γò
?Γò?Γò?Γò?Γò?Γò?Γò?Γò?Γò?Γò?Γò?Γò?Γò?
                 ^
AccountFactory.java:7: error: 
unmappable character (0x90) for 
encoding windows-1252
// ΓòÜΓò?Γò?Γò?Γò?Γò?Γò?Γò?Γò?Γò?Γò?Γ
ò?Γò?Γò?Γò?Γò?Γò?Γò?Γò?Γò?Γò?Γò?Γò?Γò
?Γò?Γò?Γò?Γò?Γò?Γò?Γò?Γò?Γò?Γò?Γò?Γò?
                    ^
AccountFactory.java:7: error: 
unmappable character (0x90) for 
encoding windows-1252
// ΓòÜΓò?Γò?Γò?Γò?Γò?Γò?Γò?Γò?Γò?Γò?Γ
ò?Γò?Γò?Γò?Γò?Γò?Γò?Γò?Γò?Γò?Γò?Γò?Γò
?Γò?Γò?Γò?Γò?Γò?Γò?Γò?Γò?Γò?Γò?Γò?Γò?
                       ^
AccountFactory.java:7: error: 
unmappable character (0x90) for 
encoding windows-1252
// ΓòÜΓò?Γò?Γò?Γò?Γò?Γò?Γò?Γò?Γò?Γò?Γ
ò?Γò?Γò?Γò?Γò?Γò?Γò?Γò?Γò?Γò?Γò?Γò?Γò
?Γò?Γò?Γò?Γò?Γò?Γò?Γò?Γò?Γò?Γò?Γò?Γò?
                          ^
AccountFactory.java:7: error: 
unmappable character (0x90) for 
encoding windows-1252
// ΓòÜΓò?Γò?Γò?Γò?Γò?Γò?Γò?Γò?Γò?Γò?Γ
ò?Γò?Γò?Γò?Γò?Γò?Γò?Γò?Γò?Γò?Γò?Γò?Γò
?Γò?Γò?Γò?Γò?Γò?Γò?Γò?Γò?Γò?Γò?Γò?Γò?
                             ^
AccountFactory.java:7: error: 
unmappable character (0x90) for 
encoding windows-1252
// ΓòÜΓò?Γò?Γò?Γò?Γò?Γò?Γò?Γò?Γò?Γò?Γ
ò?Γò?Γò?Γò?Γò?Γò?Γò?Γò?Γò?Γò?Γò?Γò?Γò
?Γò?Γò?Γò?Γò?Γò?Γò?Γò?Γò?Γò?Γò?Γò?Γò?
                                ^
AccountFactory.java:7: error: 
unmappable character (0x90) for 
encoding windows-1252
// ΓòÜΓò?Γò?Γò?Γò?Γò?Γò?Γò?Γò?Γò?Γò?Γ
ò?Γò?Γò?Γò?Γò?Γò?Γò?Γò?Γò?Γò?Γò?Γò?Γò
?Γò?Γò?Γò?Γò?Γò?Γò?Γò?Γò?Γò?Γò?Γò?Γò?
                                   ^
AccountFactory.java:7: error: 
unmappable character (0x90) for 
encoding windows-1252
// ΓòÜΓò?Γò?Γò?Γò?Γò?Γò?Γò?Γò?Γò?Γò?Γ
ò?Γò?Γò?Γò?Γò?Γò?Γò?Γò?Γò?Γò?Γò?Γò?Γò
?Γò?Γò?Γò?Γò?Γò?Γò?Γò?Γò?Γò?Γò?Γò?Γò?
                                     
 ^
AccountFactory.java:7: error: 
unmappable character (0x90) for 
encoding windows-1252
// ΓòÜΓò?Γò?Γò?Γò?Γò?Γò?Γò?Γò?Γò?Γò?Γ
ò?Γò?Γò?Γò?Γò?Γò?Γò?Γò?Γò?Γò?Γò?Γò?Γò
?Γò?Γò?Γò?Γò?Γò?Γò?Γò?Γò?Γò?Γò?Γò?Γò?
                                     
    ^
AccountFactory.java:7: error: 
unmappable character (0x90) for 
encoding windows-1252
// ΓòÜΓò?Γò?Γò?Γò?Γò?Γò?Γò?Γò?Γò?Γò?Γ
ò?Γò?Γò?Γò?Γò?Γò?Γò?Γò?Γò?Γò?Γò?Γò?Γò
?Γò?Γò?Γò?Γò?Γò?Γò?Γò?Γò?Γò?Γò?Γò?Γò?
                                     
       ^
AccountFactory.java:7: error: 
unmappable character (0x90) for 
encoding windows-1252
// ΓòÜΓò?Γò?Γò?Γò?Γò?Γò?Γò?Γò?Γò?Γò?Γ
ò?Γò?Γò?Γò?Γò?Γò?Γò?Γò?Γò?Γò?Γò?Γò?Γò
?Γò?Γò?Γò?Γò?Γò?Γò?Γò?Γò?Γò?Γò?Γò?Γò?
                                     
          ^
AccountFactory.java:7: error: 
unmappable character (0x90) for 
encoding windows-1252
// ΓòÜΓò?Γò?Γò?Γò?Γò?Γò?Γò?Γò?Γò?Γò?Γ
ò?Γò?Γò?Γò?Γò?Γò?Γò?Γò?Γò?Γò?Γò?Γò?Γò
?Γò?Γò?Γò?Γò?Γò?Γò?Γò?Γò?Γò?Γò?Γò?Γò?
                                     
             ^
AccountFactory.java:7: error: 
unmappable character (0x90) for 
encoding windows-1252
// ΓòÜΓò?Γò?Γò?Γò?Γò?Γò?Γò?Γò?Γò?Γò?Γ
ò?Γò?Γò?Γò?Γò?Γò?Γò?Γò?Γò?Γò?Γò?Γò?Γò
?Γò?Γò?Γò?Γò?Γò?Γò?Γò?Γò?Γò?Γò?Γò?Γò?
                                     
                ^
AccountFactory.java:7: error: 
unmappable character (0x90) for 
encoding windows-1252
// ΓòÜΓò?Γò?Γò?Γò?Γò?Γò?Γò?Γò?Γò?Γò?Γ
ò?Γò?Γò?Γò?Γò?Γò?Γò?Γò?Γò?Γò?Γò?Γò?Γò
?Γò?Γò?Γò?Γò?Γò?Γò?Γò?Γò?Γò?Γò?Γò?Γò?
                                     
                   ^
AccountFactory.java:7: error: 
unmappable character (0x90) for 
encoding windows-1252
// ΓòÜΓò?Γò?Γò?Γò?Γò?Γò?Γò?Γò?Γò?Γò?Γ
ò?Γò?Γò?Γò?Γò?Γò?Γò?Γò?Γò?Γò?Γò?Γò?Γò
?Γò?Γò?Γò?Γò?Γò?Γò?Γò?Γò?Γò?Γò?Γò?Γò?
                                     
                      ^
AccountFactory.java:7: error: 
unmappable character (0x90) for 
encoding windows-1252
// ΓòÜΓò?Γò?Γò?Γò?Γò?Γò?Γò?Γò?Γò?Γò?Γ
ò?Γò?Γò?Γò?Γò?Γò?Γò?Γò?Γò?Γò?Γò?Γò?Γò
?Γò?Γò?Γò?Γò?Γò?Γò?Γò?Γò?Γò?Γò?Γò?Γò?
                                     
                         ^
AccountFactory.java:7: error: 
unmappable character (0x90) for 
encoding windows-1252
// ΓòÜΓò?Γò?Γò?Γò?Γò?Γò?Γò?Γò?Γò?Γò?Γ
ò?Γò?Γò?Γò?Γò?Γò?Γò?Γò?Γò?Γò?Γò?Γò?Γò
?Γò?Γò?Γò?Γò?Γò?Γò?Γò?Γò?Γò?Γò?Γò?Γò?
                                     
                            ^
AccountFactory.java:7: error: 
unmappable character (0x90) for 
encoding windows-1252
// ΓòÜΓò?Γò?Γò?Γò?Γò?Γò?Γò?Γò?Γò?Γò?Γ
ò?Γò?Γò?Γò?Γò?Γò?Γò?Γò?Γò?Γò?Γò?Γò?Γò
?Γò?Γò?Γò?Γò?Γò?Γò?Γò?Γò?Γò?Γò?Γò?Γò?
                                     
                               ^
AccountFactory.java:7: error: 
unmappable character (0x90) for 
encoding windows-1252
// ΓòÜΓò?Γò?Γò?Γò?Γò?Γò?Γò?Γò?Γò?Γò?Γ
ò?Γò?Γò?Γò?Γò?Γò?Γò?Γò?Γò?Γò?Γò?Γò?Γò
?Γò?Γò?Γò?Γò?Γò?Γò?Γò?Γò?Γò?Γò?Γò?Γò?
                                     
                                  ^
AccountFactory.java:7: error: 
unmappable character (0x90) for 
encoding windows-1252
// ΓòÜΓò?Γò?Γò?Γò?Γò?Γò?Γò?Γò?Γò?Γò?Γ
ò?Γò?Γò?Γò?Γò?Γò?Γò?Γò?Γò?Γò?Γò?Γò?Γò
?Γò?Γò?Γò?Γò?Γò?Γò?Γò?Γò?Γò?Γò?Γò?Γò?
                                     
                                     
^
AccountFactory.java:7: error: 
unmappable character (0x90) for 
encoding windows-1252
// ΓòÜΓò?Γò?Γò?Γò?Γò?Γò?Γò?Γò?Γò?Γò?Γ
ò?Γò?Γò?Γò?Γò?Γò?Γò?Γò?Γò?Γò?Γò?Γò?Γò
?Γò?Γò?Γò?Γò?Γò?Γò?Γò?Γò?Γò?Γò?Γò?Γò?
                                     
                                     
   ^
AccountFactory.java:7: error: 
unmappable character (0x90) for 
encoding windows-1252
// ΓòÜΓò?Γò?Γò?Γò?Γò?Γò?Γò?Γò?Γò?Γò?Γ
ò?Γò?Γò?Γò?Γò?Γò?Γò?Γò?Γò?Γò?Γò?Γò?Γò
?Γò?Γò?Γò?Γò?Γò?Γò?Γò?Γò?Γò?Γò?Γò?Γò?
                                     
                                     
      ^
AccountFactory.java:7: error: 
unmappable character (0x90) for 
encoding windows-1252
// ΓòÜΓò?Γò?Γò?Γò?Γò?Γò?Γò?Γò?Γò?Γò?Γ
ò?Γò?Γò?Γò?Γò?Γò?Γò?Γò?Γò?Γò?Γò?Γò?Γò
?Γò?Γò?Γò?Γò?Γò?Γò?Γò?Γò?Γò?Γò?Γò?Γò?
                                     
                                     
         ^
AccountFactory.java:7: error: 
unmappable character (0x90) for 
encoding windows-1252
// ΓòÜΓò?Γò?Γò?Γò?Γò?Γò?Γò?Γò?Γò?Γò?Γ
ò?Γò?Γò?Γò?Γò?Γò?Γò?Γò?Γò?Γò?Γò?Γò?Γò
?Γò?Γò?Γò?Γò?Γò?Γò?Γò?Γò?Γò?Γò?Γò?Γò?
                                     
                                     
            ^
AccountFactory.java:7: error: 
unmappable character (0x90) for 
encoding windows-1252
// ΓòÜΓò?Γò?Γò?Γò?Γò?Γò?Γò?Γò?Γò?Γò?Γ
ò?Γò?Γò?Γò?Γò?Γò?Γò?Γò?Γò?Γò?Γò?Γò?Γò
?Γò?Γò?Γò?Γò?Γò?Γò?Γò?Γò?Γò?Γò?Γò?Γò?
                                     
                                     
               ^
AccountFactory.java:7: error: 
unmappable character (0x90) for 
encoding windows-1252
// ΓòÜΓò?Γò?Γò?Γò?Γò?Γò?Γò?Γò?Γò?Γò?Γ
ò?Γò?Γò?Γò?Γò?Γò?Γò?Γò?Γò?Γò?Γò?Γò?Γò
?Γò?Γò?Γò?Γò?Γò?Γò?Γò?Γò?Γò?Γò?Γò?Γò?
                                     
                                     
                  ^
AccountFactory.java:7: error: 
unmappable character (0x90) for 
encoding windows-1252
// ΓòÜΓò?Γò?Γò?Γò?Γò?Γò?Γò?Γò?Γò?Γò?Γ
ò?Γò?Γò?Γò?Γò?Γò?Γò?Γò?Γò?Γò?Γò?Γò?Γò
?Γò?Γò?Γò?Γò?Γò?Γò?Γò?Γò?Γò?Γò?Γò?Γò?
                                     
                                     
                     ^
AccountFactory.java:7: error: 
unmappable character (0x90) for 
encoding windows-1252
// ΓòÜΓò?Γò?Γò?Γò?Γò?Γò?Γò?Γò?Γò?Γò?Γ
ò?Γò?Γò?Γò?Γò?Γò?Γò?Γò?Γò?Γò?Γò?Γò?Γò
?Γò?Γò?Γò?Γò?Γò?Γò?Γò?Γò?Γò?Γò?Γò?Γò?
                                     
                                     
                        ^
AccountFactory.java:7: error: 
unmappable character (0x90) for 
encoding windows-1252
// ΓòÜΓò?Γò?Γò?Γò?Γò?Γò?Γò?Γò?Γò?Γò?Γ
ò?Γò?Γò?Γò?Γò?Γò?Γò?Γò?Γò?Γò?Γò?Γò?Γò
?Γò?Γò?Γò?Γò?Γò?Γò?Γò?Γò?Γò?Γò?Γò?Γò?
                                     
                                     
                           ^
AccountFactory.java:7: error: 
unmappable character (0x90) for 
encoding windows-1252
// ΓòÜΓò?Γò?Γò?Γò?Γò?Γò?Γò?Γò?Γò?Γò?Γ
ò?Γò?Γò?Γò?Γò?Γò?Γò?Γò?Γò?Γò?Γò?Γò?Γò
?Γò?Γò?Γò?Γò?Γò?Γò?Γò?Γò?Γò?Γò?Γò?Γò?
                                     
                                     
                              ^
AccountFactory.java:7: error: 
unmappable character (0x90) for 
encoding windows-1252
// ΓòÜΓò?Γò?Γò?Γò?Γò?Γò?Γò?Γò?Γò?Γò?Γ
ò?Γò?Γò?Γò?Γò?Γò?Γò?Γò?Γò?Γò?Γò?Γò?Γò
?Γò?Γò?Γò?Γò?Γò?Γò?Γò?Γò?Γò?Γò?Γò?Γò?
                                     
                                     
                                 ^
AccountFactory.java:7: error: 
unmappable character (0x9D) for 
encoding windows-1252
// ΓòÜΓò?Γò?Γò?Γò?Γò?Γò?Γò?Γò?Γò?Γò?Γ
ò?Γò?Γò?Γò?Γò?Γò?Γò?Γò?Γò?Γò?Γò?Γò?Γò
?Γò?Γò?Γò?Γò?Γò?Γò?Γò?Γò?Γò?Γò?Γò?Γò?
                                     
                                     
                                    ^
BankDatabase.java:5: error: 
unmappable character (0x90) for 
encoding windows-1252
// ΓòöΓò?Γò?Γò?Γò?Γò?Γò?Γò?Γò?Γò?Γò?Γ
ò?Γò?Γò?Γò?Γò?Γò?Γò?Γò?Γò?Γò?Γò?Γò?Γò
?Γò?Γò?Γò?Γò?Γò?Γò?Γò?Γò?Γò?Γò?Γò?Γòù
        ^
BankDatabase.java:5: error: 
unmappable character (0x90) for 
encoding windows-1252
// ΓòöΓò?Γò?Γò?Γò?Γò?Γò?Γò?Γò?Γò?Γò?Γ
ò?Γò?Γò?Γò?Γò?Γò?Γò?Γò?Γò?Γò?Γò?Γò?Γò
?Γò?Γò?Γò?Γò?Γò?Γò?Γò?Γò?Γò?Γò?Γò?Γòù
           ^
BankDatabase.java:5: error: 
unmappable character (0x90) for 
encoding windows-1252
// ΓòöΓò?Γò?Γò?Γò?Γò?Γò?Γò?Γò?Γò?Γò?Γ
ò?Γò?Γò?Γò?Γò?Γò?Γò?Γò?Γò?Γò?Γò?Γò?Γò
?Γò?Γò?Γò?Γò?Γò?Γò?Γò?Γò?Γò?Γò?Γò?Γòù
              ^
BankDatabase.java:5: error: 
unmappable character (0x90) for 
encoding windows-1252
// ΓòöΓò?Γò?Γò?Γò?Γò?Γò?Γò?Γò?Γò?Γò?Γ
ò?Γò?Γò?Γò?Γò?Γò?Γò?Γò?Γò?Γò?Γò?Γò?Γò
?Γò?Γò?Γò?Γò?Γò?Γò?Γò?Γò?Γò?Γò?Γò?Γòù
                 ^
BankDatabase.java:5: error: 
unmappable character (0x90) for 
encoding windows-1252
// ΓòöΓò?Γò?Γò?Γò?Γò?Γò?Γò?Γò?Γò?Γò?Γ
ò?Γò?Γò?Γò?Γò?Γò?Γò?Γò?Γò?Γò?Γò?Γò?Γò
?Γò?Γò?Γò?Γò?Γò?Γò?Γò?Γò?Γò?Γò?Γò?Γòù
                    ^
BankDatabase.java:5: error: 
unmappable character (0x90) for 
encoding windows-1252
// ΓòöΓò?Γò?Γò?Γò?Γò?Γò?Γò?Γò?Γò?Γò?Γ
ò?Γò?Γò?Γò?Γò?Γò?Γò?Γò?Γò?Γò?Γò?Γò?Γò
?Γò?Γò?Γò?Γò?Γò?Γò?Γò?Γò?Γò?Γò?Γò?Γòù
                       ^
BankDatabase.java:5: error: 
unmappable character (0x90) for 
encoding windows-1252
// ΓòöΓò?Γò?Γò?Γò?Γò?Γò?Γò?Γò?Γò?Γò?Γ
ò?Γò?Γò?Γò?Γò?Γò?Γò?Γò?Γò?Γò?Γò?Γò?Γò
?Γò?Γò?Γò?Γò?Γò?Γò?Γò?Γò?Γò?Γò?Γò?Γòù
                          ^
BankDatabase.java:5: error: 
unmappable character (0x90) for 
encoding windows-1252
// ΓòöΓò?Γò?Γò?Γò?Γò?Γò?Γò?Γò?Γò?Γò?Γ
ò?Γò?Γò?Γò?Γò?Γò?Γò?Γò?Γò?Γò?Γò?Γò?Γò
?Γò?Γò?Γò?Γò?Γò?Γò?Γò?Γò?Γò?Γò?Γò?Γòù
                             ^
BankDatabase.java:5: error: 
unmappable character (0x90) for 
encoding windows-1252
// ΓòöΓò?Γò?Γò?Γò?Γò?Γò?Γò?Γò?Γò?Γò?Γ
ò?Γò?Γò?Γò?Γò?Γò?Γò?Γò?Γò?Γò?Γò?Γò?Γò
?Γò?Γò?Γò?Γò?Γò?Γò?Γò?Γò?Γò?Γò?Γò?Γòù
                                ^
BankDatabase.java:5: error: 
unmappable character (0x90) for 
encoding windows-1252
// ΓòöΓò?Γò?Γò?Γò?Γò?Γò?Γò?Γò?Γò?Γò?Γ
ò?Γò?Γò?Γò?Γò?Γò?Γò?Γò?Γò?Γò?Γò?Γò?Γò
?Γò?Γò?Γò?Γò?Γò?Γò?Γò?Γò?Γò?Γò?Γò?Γòù
                                   ^
BankDatabase.java:5: error: 
unmappable character (0x90) for 
encoding windows-1252
// ΓòöΓò?Γò?Γò?Γò?Γò?Γò?Γò?Γò?Γò?Γò?Γ
ò?Γò?Γò?Γò?Γò?Γò?Γò?Γò?Γò?Γò?Γò?Γò?Γò
?Γò?Γò?Γò?Γò?Γò?Γò?Γò?Γò?Γò?Γò?Γò?Γòù
                                     
 ^
BankDatabase.java:5: error: 
unmappable character (0x90) for 
encoding windows-1252
// ΓòöΓò?Γò?Γò?Γò?Γò?Γò?Γò?Γò?Γò?Γò?Γ
ò?Γò?Γò?Γò?Γò?Γò?Γò?Γò?Γò?Γò?Γò?Γò?Γò
?Γò?Γò?Γò?Γò?Γò?Γò?Γò?Γò?Γò?Γò?Γò?Γòù
                                     
    ^
BankDatabase.java:5: error: 
unmappable character (0x90) for 
encoding windows-1252
// ΓòöΓò?Γò?Γò?Γò?Γò?Γò?Γò?Γò?Γò?Γò?Γ
ò?Γò?Γò?Γò?Γò?Γò?Γò?Γò?Γò?Γò?Γò?Γò?Γò
?Γò?Γò?Γò?Γò?Γò?Γò?Γò?Γò?Γò?Γò?Γò?Γòù
                                     
       ^
BankDatabase.java:5: error: 
unmappable character (0x90) for 
encoding windows-1252
// ΓòöΓò?Γò?Γò?Γò?Γò?Γò?Γò?Γò?Γò?Γò?Γ
ò?Γò?Γò?Γò?Γò?Γò?Γò?Γò?Γò?Γò?Γò?Γò?Γò
?Γò?Γò?Γò?Γò?Γò?Γò?Γò?Γò?Γò?Γò?Γò?Γòù
                                     
          ^
BankDatabase.java:5: error: 
unmappable character (0x90) for 
encoding windows-1252
// ΓòöΓò?Γò?Γò?Γò?Γò?Γò?Γò?Γò?Γò?Γò?Γ
ò?Γò?Γò?Γò?Γò?Γò?Γò?Γò?Γò?Γò?Γò?Γò?Γò
?Γò?Γò?Γò?Γò?Γò?Γò?Γò?Γò?Γò?Γò?Γò?Γòù
                                     
             ^
BankDatabase.java:5: error: 
unmappable character (0x90) for 
encoding windows-1252
// ΓòöΓò?Γò?Γò?Γò?Γò?Γò?Γò?Γò?Γò?Γò?Γ
ò?Γò?Γò?Γò?Γò?Γò?Γò?Γò?Γò?Γò?Γò?Γò?Γò
?Γò?Γò?Γò?Γò?Γò?Γò?Γò?Γò?Γò?Γò?Γò?Γòù
                                     
                ^
BankDatabase.java:5: error: 
unmappable character (0x90) for 
encoding windows-1252
// ΓòöΓò?Γò?Γò?Γò?Γò?Γò?Γò?Γò?Γò?Γò?Γ
ò?Γò?Γò?Γò?Γò?Γò?Γò?Γò?Γò?Γò?Γò?Γò?Γò
?Γò?Γò?Γò?Γò?Γò?Γò?Γò?Γò?Γò?Γò?Γò?Γòù
                                     
                   ^
BankDatabase.java:5: error: 
unmappable character (0x90) for 
encoding windows-1252
// ΓòöΓò?Γò?Γò?Γò?Γò?Γò?Γò?Γò?Γò?Γò?Γ
ò?Γò?Γò?Γò?Γò?Γò?Γò?Γò?Γò?Γò?Γò?Γò?Γò
?Γò?Γò?Γò?Γò?Γò?Γò?Γò?Γò?Γò?Γò?Γò?Γòù
                                     
                      ^
BankDatabase.java:5: error: 
unmappable character (0x90) for 
encoding windows-1252
// ΓòöΓò?Γò?Γò?Γò?Γò?Γò?Γò?Γò?Γò?Γò?Γ
ò?Γò?Γò?Γò?Γò?Γò?Γò?Γò?Γò?Γò?Γò?Γò?Γò
?Γò?Γò?Γò?Γò?Γò?Γò?Γò?Γò?Γò?Γò?Γò?Γòù
                                     
                         ^
BankDatabase.java:5: error: 
unmappable character (0x90) for 
encoding windows-1252
// ΓòöΓò?Γò?Γò?Γò?Γò?Γò?Γò?Γò?Γò?Γò?Γ
ò?Γò?Γò?Γò?Γò?Γò?Γò?Γò?Γò?Γò?Γò?Γò?Γò
?Γò?Γò?Γò?Γò?Γò?Γò?Γò?Γò?Γò?Γò?Γò?Γòù
                                     
                            ^
BankDatabase.java:5: error: 
unmappable character (0x90) for 
encoding windows-1252
// ΓòöΓò?Γò?Γò?Γò?Γò?Γò?Γò?Γò?Γò?Γò?Γ
ò?Γò?Γò?Γò?Γò?Γò?Γò?Γò?Γò?Γò?Γò?Γò?Γò
?Γò?Γò?Γò?Γò?Γò?Γò?Γò?Γò?Γò?Γò?Γò?Γòù
                                     
                               ^
BankDatabase.java:5: error: 
unmappable character (0x90) for 
encoding windows-1252
// ΓòöΓò?Γò?Γò?Γò?Γò?Γò?Γò?Γò?Γò?Γò?Γ
ò?Γò?Γò?Γò?Γò?Γò?Γò?Γò?Γò?Γò?Γò?Γò?Γò
?Γò?Γò?Γò?Γò?Γò?Γò?Γò?Γò?Γò?Γò?Γò?Γòù
                                     
                                  ^
BankDatabase.java:5: error: 
unmappable character (0x90) for 
encoding windows-1252
// ΓòöΓò?Γò?Γò?Γò?Γò?Γò?Γò?Γò?Γò?Γò?Γ
ò?Γò?Γò?Γò?Γò?Γò?Γò?Γò?Γò?Γò?Γò?Γò?Γò
?Γò?Γò?Γò?Γò?Γò?Γò?Γò?Γò?Γò?Γò?Γò?Γòù
                                     
                                     
^
BankDatabase.java:5: error: 
unmappable character (0x90) for 
encoding windows-1252
// ΓòöΓò?Γò?Γò?Γò?Γò?Γò?Γò?Γò?Γò?Γò?Γ
ò?Γò?Γò?Γò?Γò?Γò?Γò?Γò?Γò?Γò?Γò?Γò?Γò
?Γò?Γò?Γò?Γò?Γò?Γò?Γò?Γò?Γò?Γò?Γò?Γòù
                                     
                                     
   ^
BankDatabase.java:5: error: 
unmappable character (0x90) for 
encoding windows-1252
// ΓòöΓò?Γò?Γò?Γò?Γò?Γò?Γò?Γò?Γò?Γò?Γ
ò?Γò?Γò?Γò?Γò?Γò?Γò?Γò?Γò?Γò?Γò?Γò?Γò
?Γò?Γò?Γò?Γò?Γò?Γò?Γò?Γò?Γò?Γò?Γò?Γòù
                                     
                                     
      ^
BankDatabase.java:5: error: 
unmappable character (0x90) for 
encoding windows-1252
// ΓòöΓò?Γò?Γò?Γò?Γò?Γò?Γò?Γò?Γò?Γò?Γ
ò?Γò?Γò?Γò?Γò?Γò?Γò?Γò?Γò?Γò?Γò?Γò?Γò
?Γò?Γò?Γò?Γò?Γò?Γò?Γò?Γò?Γò?Γò?Γò?Γòù
                                     
                                     
         ^
BankDatabase.java:5: error: 
unmappable character (0x90) for 
encoding windows-1252
// ΓòöΓò?Γò?Γò?Γò?Γò?Γò?Γò?Γò?Γò?Γò?Γ
ò?Γò?Γò?Γò?Γò?Γò?Γò?Γò?Γò?Γò?Γò?Γò?Γò
?Γò?Γò?Γò?Γò?Γò?Γò?Γò?Γò?Γò?Γò?Γò?Γòù
                                     
                                     
            ^
BankDatabase.java:5: error: 
unmappable character (0x90) for 
encoding windows-1252
// ΓòöΓò?Γò?Γò?Γò?Γò?Γò?Γò?Γò?Γò?Γò?Γ
ò?Γò?Γò?Γò?Γò?Γò?Γò?Γò?Γò?Γò?Γò?Γò?Γò
?Γò?Γò?Γò?Γò?Γò?Γò?Γò?Γò?Γò?Γò?Γò?Γòù
                                     
                                     
               ^
BankDatabase.java:5: error: 
unmappable character (0x90) for 
encoding windows-1252
// ΓòöΓò?Γò?Γò?Γò?Γò?Γò?Γò?Γò?Γò?Γò?Γ
ò?Γò?Γò?Γò?Γò?Γò?Γò?Γò?Γò?Γò?Γò?Γò?Γò
?Γò?Γò?Γò?Γò?Γò?Γò?Γò?Γò?Γò?Γò?Γò?Γòù
                                     
                                     
                  ^
BankDatabase.java:5: error: 
unmappable character (0x90) for 
encoding windows-1252
// ΓòöΓò?Γò?Γò?Γò?Γò?Γò?Γò?Γò?Γò?Γò?Γ
ò?Γò?Γò?Γò?Γò?Γò?Γò?Γò?Γò?Γò?Γò?Γò?Γò
?Γò?Γò?Γò?Γò?Γò?Γò?Γò?Γò?Γò?Γò?Γò?Γòù
                                     
                                     
                     ^
BankDatabase.java:5: error: 
unmappable character (0x90) for 
encoding windows-1252
// ΓòöΓò?Γò?Γò?Γò?Γò?Γò?Γò?Γò?Γò?Γò?Γ
ò?Γò?Γò?Γò?Γò?Γò?Γò?Γò?Γò?Γò?Γò?Γò?Γò
?Γò?Γò?Γò?Γò?Γò?Γò?Γò?Γò?Γò?Γò?Γò?Γòù
                                     
                                     
                        ^
100 errors
only showing the first 100 errors, 
of 621 total; use -Xmaxerrs if you 
would like to see more
